// Jest Snapshot v1, https://goo.gl/fbAQLP

exports[`Link changes the class when hovered 1`] = `
<div>
  <h1>
    Simple SPA
  </h1>
  <ul
    className="header"
  >
    <li>
      <a
        aria-current="page"
        className="active"
        href="#/"
        onClick={[Function]}
        style={Object {}}
      >
        Home
      </a>
    </li>
    <li>
      <a
        aria-current={null}
        className={undefined}
        href="#/stuff"
        onClick={[Function]}
        style={undefined}
      >
        Stuff
      </a>
    </li>
    <li>
      <a
        aria-current={null}
        className={undefined}
        href="#/contact"
        onClick={[Function]}
        style={undefined}
      >
        Contact
      </a>
    </li>
  </ul>
  <div
    className="content"
  >
    <div>
      <h2>
        HELLO
      </h2>
      <p>
        Cras facilisis urna ornare ex volutpat, et convallis erat elementum. Ut aliquam, ipsum vitae gravida suscipit, metus dui bibendum est, eget rhoncus nibh metus nec massa. Maecenas hendrerit laoreet augue nec molestie. Cum sociis natoque penatibus et magnis dis parturient montes, nascetur ridiculus mus.
      </p>
      <p>
        Duis a turpis sed lacus dapibus elementum sed eu lectus.
      </p>
    </div>
  </div>
</div>
`;
